\BOOKMARK [1][-]{section*.3}{\376\377\000T\000a\000r\000t\000a\000l\000o\000m\000j\000e\000g\000y\000z\000\351\000k}{}% 1
\BOOKMARK [1][-]{section.1}{\376\377\000B\000e\000v\000e\000z\000e\000t\000\351\000s}{}% 2
\BOOKMARK [2][-]{subsection.1.1}{\376\377\000A\000\040\000b\000i\000o\000f\000e\000e\000d\000b\000a\000c\000k\000\040\000f\000o\000g\000a\000l\000m\000a}{section.1}% 3
\BOOKMARK [2][-]{subsection.1.2}{\376\377\000A\000\040\000f\000e\000l\000a\000d\000a\000t\000\040\000b\000e\000m\000u\000t\000a\000t\000\341\000s\000a}{section.1}% 4
\BOOKMARK [2][-]{subsection.1.3}{\376\377\000A\000\040\000f\000l\000o\000w\000\040\000f\000o\000g\000a\000l\000m\000a}{section.1}% 5
\BOOKMARK [2][-]{subsection.1.4}{\376\377\000A\000\040\000j\000\341\000t\000\351\000k\000o\000s\000s\000\341\000g\000\040\000j\000e\000l\000e\000n\000t\001\121\000s\000\351\000g\000e}{section.1}% 6
\BOOKMARK [2][-]{subsection.1.5}{\376\377\000E\000g\000y\000\040\000p\000i\000a\000c\000o\000n\000\040\000l\000\351\000v\001\121\000\040\000m\000e\000g\000o\000l\000d\000\341\000s\000\040\000b\000e\000m\000u\000t\000a\000t\000\341\000s\000a}{section.1}% 7
\BOOKMARK [3][-]{subsubsection.1.5.1}{\376\377\000A\000z\000\040\000a\000l\000a\000p\000\040\000s\000z\000o\000f\000t\000v\000e\000r\000b\000e\000n\000\040\000t\000a\000l\000\341\000l\000h\000a\000t\000\363\000\040\000j\000\341\000t\000\351\000k\000o\000k\000:}{subsection.1.5}% 8
\BOOKMARK [2][-]{subsection.1.6}{\376\377\000M\000i\000b\000e\000n\000\040\000l\000e\000s\000z\000\040\000m\000\341\000s\000\040\000e\000z\000\040\000a\000\040\000p\000r\000o\000j\000e\000k\000t\000?}{section.1}% 9
\BOOKMARK [2][-]{subsection.1.7}{\376\377\000K\000e\000z\000d\001\121\000\040\000l\000\351\000p\000\351\000s\000e\000k}{section.1}% 10
\BOOKMARK [2][-]{subsection.1.8}{\376\377\000T\000e\000c\000h\000n\000o\000l\000\363\000g\000i\000a\000i\000\040\000a\000k\000a\000d\000\341\000l\000y\000o\000k}{section.1}% 11
\BOOKMARK [2][-]{subsection.1.9}{\376\377\000A\000d\000a\000t\000o\000k\000\040\000t\000o\000v\000\341\000b\000b\000k\000\374\000l\000d\000\351\000s\000e\000\040\000a\000\040\000s\000z\000\341\000m\000\355\000t\000\363\000g\000\351\000p\000r\000e}{section.1}% 12
\BOOKMARK [3][-]{subsubsection.1.9.1}{\376\377\000U\000n\000i\000v\000e\000r\000s\000a\000l\000\040\000S\000e\000r\000i\000a\000l\000\040\000B\000u\000s\000\040\000\050\000U\000S\000B\000\051}{subsection.1.9}% 13
\BOOKMARK [3][-]{subsubsection.1.9.2}{\376\377\000U\000S\000B\000\040\000a\000r\000c\000h\000i\000t\000e\000k\000t\000\372\000r\000a}{subsection.1.9}% 14
\BOOKMARK [3][-]{subsubsection.1.9.3}{\376\377\000U\000S\000B\000\040\000s\000e\000b\000e\000s\000s\000\351\000g\000e}{subsection.1.9}% 15
\BOOKMARK [3][-]{subsubsection.1.9.4}{\376\377\000U\000S\000B\000\040\000o\000s\000z\000t\000\341\000l\000y\000o\000k}{subsection.1.9}% 16
\BOOKMARK [3][-]{subsubsection.1.9.5}{\376\377\000H\000I\000D\000\040\000f\000o\000g\000a\000l\000m\000a}{subsection.1.9}% 17
\BOOKMARK [1][-]{section.2}{\376\377\000A\000\040\000t\000r\000i\000f\000\341\000z\000i\000s\000o\000s\000\040\000i\000z\000o\000m\000m\000o\000z\000g\000\341\000s}{}% 18
\BOOKMARK [2][-]{subsection.2.1}{\376\377\000A\000\040\000b\000a\000l\000l\000i\000s\000z\000t\000i\000k\000u\000s\000\040\000m\000o\000z\000g\000\341\000s}{section.2}% 19
\BOOKMARK [2][-]{subsection.2.2}{\376\377\000A\000\040\000m\000o\000z\000g\000\341\000s\000\040\0003\000\040\000f\000\341\000z\000i\000s\000a}{section.2}% 20
\BOOKMARK [2][-]{subsection.2.3}{\376\377\000A\000\040\000g\000y\000a\000k\000o\000r\000l\000\341\000s\000\040\000h\000a\000t\000\341\000s\000a}{section.2}% 21
\BOOKMARK [3][-]{subsubsection.2.3.1}{\376\377\000A\000\040\000k\000\351\000t\000\040\000e\000l\000m\000\351\000l\000e\000t}{subsection.2.3}% 22
\BOOKMARK [1][-]{section.3}{\376\377\000A\000\040\000f\000l\000o\000w\000\040\000\341\000l\000l\000a\000p\000o\000t\000a}{}% 23
\BOOKMARK [2][-]{subsection.3.1}{\376\377\000A\000\040\000f\000l\000o\000w\000\040\000\341\000l\000l\000a\000p\000o\000t\000\040\000j\000e\000l\000l\000e\000m\000z\001\121\000i}{section.3}% 24
\BOOKMARK [2][-]{subsection.3.2}{\376\377\000A\000\040\000f\000l\000o\000w\000\040\000\351\000s\000\040\000a\000\040\000t\000r\000i\000f\000\341\000z\000i\000s\000o\000s\000\040\000i\000z\000o\000m\000m\000o\000z\000g\000\341\000s\000\040\000k\000a\000p\000c\000s\000o\000l\000a\000t\000a}{section.3}% 25
\BOOKMARK [2][-]{subsection.3.3}{\376\377\000A\000\040\000f\000l\000o\000w\000\040\000m\000\351\000r\000\351\000s\000e}{section.3}% 26
\BOOKMARK [1][-]{section.4}{\376\377\000K\000\355\000s\000\351\000r\000l\000e\000t\000i\000\040\000M\000\363\000d\000s\000z\000e\000r\000t\000a\000n\000\040\000\351\000s\000\040\000J\000e\000l\000f\000e\000l\000d\000o\000l\000g\000o\000z\000\341\000s}{}% 27
\BOOKMARK [2][-]{subsection.4.1}{\376\377\000M\000\351\000r\000\351\000s\000i\000\040\000e\000l\000r\000e\000n\000d\000e\000z\000\351\000s}{section.4}% 28
\BOOKMARK [1][-]{section.5}{\376\377\000V\000\341\000r\000t\000\040\000E\000r\000e\000d\000m\000\351\000n\000y\000e\000k\000\040\000\351\000s\000\040\000H\000i\000p\000o\000t\000\351\000z\000i\000s\000e\000k}{}% 29
\BOOKMARK [1][-]{section.6}{\376\377\000M\000\351\000r\000\351\000s\000\040\000a\000\040\000g\000y\000a\000k\000o\000r\000l\000a\000t\000b\000a\000n}{}% 30
\BOOKMARK [2][-]{subsection.6.1}{\376\377\000A\000\040\000m\000i\000c\000r\000o\000p\000y\000t\000h\000o\000n\000\040\000h\000i\000\341\000n\000y\000o\000s\000s\000\341\000g\000a\000i}{section.6}% 31
\BOOKMARK [2][-]{subsection.6.2}{\376\377\000A\000\040\000F\000l\000o\000w\000\040\000s\000c\000o\000r\000e}{section.6}% 32
\BOOKMARK [3][-]{subsubsection.6.2.1}{\376\377\000A\000g\000o\000n\000i\000s\000t\000a\000\040\000\351\000s\000\040\000A\000n\000t\000a\000g\000o\000n\000i\000s\000t\000a\000\040\000a\000m\000p\000l\000i\000t\000\372\000d\000\363\000j\000\341\000n\000a\000k\000\040\000a\000z\000\040\000a\000r\000\341\000n\000y\000a}{subsection.6.2}% 33
\BOOKMARK [3][-]{subsubsection.6.2.2}{\376\377\000A\000g\000o\000n\000i\000s\000t\000a\000\040\000\351\000s\000\040\000a\000n\000t\000a\000g\000o\000n\000i\000s\000t\000a\000\040\000i\000z\000m\000o\000k\000\040\000k\000o\000a\000k\000t\000i\000v\000\341\000c\000i\000\363\000j\000a}{subsection.6.2}% 34
\BOOKMARK [1][-]{section.7}{\376\377\000A\000\040\000j\000\341\000t\000\351\000k}{}% 35
\BOOKMARK [2][-]{subsection.7.1}{\376\377\000K\000\366\000v\000e\000t\000e\000l\000m\000\351\000n\000y\000e\000k}{section.7}% 36
\BOOKMARK [2][-]{subsection.7.2}{\376\377\000V\000a\000l\000\363\000s\000\040\000i\000d\000e\000j\001\161\000\040\000j\000e\000l\000f\000e\000l\000d\000o\000l\000g\000o\000z\000\341\000s\000\040\000\351\000s\000\040\000h\000\341\000l\000\363\000z\000a\000t\000i\000\040\000z\000a\000j\000s\000z\001\161\000r\000\351\000s}{section.7}% 37
\BOOKMARK [2][-]{subsection.7.3}{\376\377\000A\000\040\000j\000\341\000t\000\351\000k\000m\000o\000t\000o\000r}{section.7}% 38
\BOOKMARK [1][-]{section*.19}{\376\377\000H\000i\000v\000a\000t\000k\000o\000z\000\341\000s\000o\000k}{}% 39
\BOOKMARK [2][-]{section*.21}{\376\377\000A\000\040\000p\000r\000o\000g\000r\000a\000m\000\040\000f\000o\000r\000r\000\341\000s\000k\000\363\000d\000j\000a}{section*.19}% 40
\BOOKMARK [2][-]{section*.24}{\376\377\000K\000o\000m\000m\000u\000n\000i\000k\000\341\000c\000i\000\363}{section*.19}% 41
\BOOKMARK [2][-]{section*.32}{\376\377\000D\000e\000s\000c\000r\000i\000p\000t\000o\000r\000o\000k}{section*.19}% 42
